candidate_head=196523fcf7a1df14818236a371f2b85eafebdd47
source_digest=fa4d24ae528b46684f343b06ade34244d3495a8fb820fbc721672ddfa0b60064
active
node /io/github/cliffthelin/Guardian1 {
  interface io.github.cliffthelin.Guardian1 {
    methods:
      ContractVersion(out s arg_0);
      ServiceState(out s arg_0);
    signals:
    properties:
  };
  interface org.freedesktop.DBus.Introspectable {
    methods:
      Introspect(out s arg_0);
    signals:
    properties:
  };
  interface org.freedesktop.DBus.Peer {
    methods:
      Ping();
      GetMachineId(out s arg_0);
    signals:
    properties:
  };
  interface org.freedesktop.DBus.Properties {
    methods:
      Get(in  s interface_name,
          in  s property_name,
          out v arg_2);
      Set(in  s interface_name,
          in  s property_name,
          in  v value);
      GetAll(in  s interface_name,
             out a{sv} arg_1);
    signals:
      PropertiesChanged(s interface_name,
                        a{sv} changed_properties,
                        as invalidated_properties);
    properties:
  };
};
