candidate_head=196523fcf7a1df14818236a371f2b85eafebdd47
source_digest=fa4d24ae528b46684f343b06ade34244d3495a8fb820fbc721672ddfa0b60064
scenario=real_vm_providers

=== PSI (P1-PSI-001..005) — production crate::psi reuse, kernel files ===
  path(cpu) = /proc/pressure/cpu
  read(cpu) = Ok(Present(PsiResource { some: PsiLine { avg10: 0.59, avg60: 0.12, avg300: 0.07, total: 12295649 }, full: Some(PsiLine { avg10: 0.0, avg60: 0.0, avg300: 0.0, total: 0 }) }))
  path(memory) = /proc/pressure/memory
  read(memory) = Ok(Present(PsiResource { some: PsiLine { avg10: 0.0, avg60: 0.0, avg300: 0.0, total: 154160 }, full: Some(PsiLine { avg10: 0.0, avg60: 0.0, avg300: 0.0, total: 107915 }) }))
  path(io) = /proc/pressure/io
  read(io) = Ok(Present(PsiResource { some: PsiLine { avg10: 0.16, avg60: 0.07, avg300: 0.05, total: 19494718 }, full: Some(PsiLine { avg10: 0.16, avg60: 0.07, avg300: 0.04, total: 17216797 }) }))

=== systemd (P1-SYS-001..003) ===
  probe() = true
  unit_state(systemd-logind.service) = Ok(UnitState { load_state: "loaded", active_state: "active", sub_state: "running", description: "User Login Management" })
  unit_state(cron.service) = Ok(UnitState { load_state: "loaded", active_state: "active", sub_state: "running", description: "Regular background program processing daemon" })
  unit_state(nonexistent) = Err(UnitNotFound("guardian-g8-nonexistent-unit-evidence.service"))

=== logind (P1-LGI-001..002) ===
  probe() = false
  list_inhibitors() = Err(MalformedResponse("org.freedesktop.DBus.Error.TimedOut: Failed to activate service 'org.freedesktop.login1': timed out (service_start_timeout=25000ms)"))

=== UPower (P1-UPW-001..002) ===
  probe() = false
  display_device() = Err(MalformedResponse("org.freedesktop.DBus.Error.TimedOut: Failed to activate service 'org.freedesktop.UPower': timed out (service_start_timeout=25000ms)"))
  battery_presence() = Ok(NotPresent)

=== AccountsService (P1-ACC-001..003) ===
  probe() = false
  list_cached_users() = Ok([OwnedObjectPath(ObjectPath("/org/freedesktop/Accounts/User1000"))])
  scan_installed_sessions() = []
  validate_session_id("nonexistent") = Err(InvalidSession("nonexistent-session-id"))

=== UDisks2 (P1-UDS-001..004) ===
  probe() = false
  topology(): 5 drives, 17 blocks
    drive: DriveInfo { object_path: "/org/freedesktop/UDisks2/drives/QEMU_QEMU_HARDDISK_hda", id: "QEMU-QEMU-HARDDISK-hda", vendor: "QEMU", model: "QEMU HARDDISK", can_power_off: false, removable: false }
      siblings (5): ["/dev/sda", "/dev/sda15", "/dev/sda1", "/dev/sda13", "/dev/sda14"]
      validate_power_off_preconditions(user_initiated=true) = Err(NotSupported)
      validate_power_off_preconditions(user_initiated=false) = Err(NotUserInitiated)
    drive: DriveInfo { object_path: "/org/freedesktop/UDisks2/drives/Linux_scsi_debug_10000", id: "Linux-scsi_debug-10000", vendor: "Linux", model: "scsi_debug", can_power_off: false, removable: false }
      siblings (1): ["/dev/sdb"]
      validate_power_off_preconditions(user_initiated=true) = Err(NotSupported)
      validate_power_off_preconditions(user_initiated=false) = Err(NotUserInitiated)
    drive: DriveInfo { object_path: "/org/freedesktop/UDisks2/drives/Floppy_Drive", id: "/org/freedesktop/UDisks2/drives/Floppy_Drive", vendor: "", model: "Floppy Drive", can_power_off: false, removable: true }
      siblings (1): ["/dev/fd0"]
      validate_power_off_preconditions(user_initiated=true) = Err(NotSupported)
      validate_power_off_preconditions(user_initiated=false) = Err(NotUserInitiated)
    drive: DriveInfo { object_path: "/org/freedesktop/UDisks2/drives/Linux_scsi_debug_8000", id: "Linux-scsi_debug-8000", vendor: "Linux", model: "scsi_debug", can_power_off: false, removable: false }
      siblings (1): ["/dev/sdc"]
      validate_power_off_preconditions(user_initiated=true) = Err(NotSupported)
      validate_power_off_preconditions(user_initiated=false) = Err(NotUserInitiated)
    drive: DriveInfo { object_path: "/org/freedesktop/UDisks2/drives/QEMU_DVD_ROM_QM00003", id: "QEMU-DVD-ROM-QM00003", vendor: "", model: "QEMU DVD-ROM", can_power_off: false, removable: true }
      siblings (1): ["/dev/sr0"]
      validate_power_off_preconditions(user_initiated=true) = Err(NotSupported)
      validate_power_off_preconditions(user_initiated=false) = Err(NotUserInitiated)
  validate_power_off_preconditions(stale id) = Err(StaleOrRemovedIdentity)

=== Capability Registry (handoff §11) ===
  systemd.unit.state <- guardian.g8.systemd availability=Available health=Healthy read=true write=false authz=Unknown priv=NoDirectPrivilege iface=DBus
  psi.pressure.cpu <- guardian.g8.psi availability=Available health=Healthy read=true write=false authz=Unknown priv=NoDirectPrivilege iface=KernelInterface
  psi.pressure.memory <- guardian.g8.psi availability=Available health=Healthy read=true write=false authz=Unknown priv=NoDirectPrivilege iface=KernelInterface
  psi.pressure.io <- guardian.g8.psi availability=Available health=Healthy read=true write=false authz=Unknown priv=NoDirectPrivilege iface=KernelInterface
  logind.inhibitors <- guardian.g8.logind availability=Degraded health=Error read=true write=false authz=Unknown priv=NoDirectPrivilege iface=DBus
  upower.display-device <- guardian.g8.upower availability=Available health=Healthy read=true write=false authz=Unknown priv=NoDirectPrivilege iface=DBus
  upower.battery-presence <- guardian.g8.upower availability=Available health=Healthy read=true write=false authz=Unknown priv=NoDirectPrivilege iface=DBus
  accounts.user.cache <- guardian.g8.accounts availability=Available health=Healthy read=true write=false authz=Unknown priv=NoDirectPrivilege iface=DBus
  accounts.session.enumeration <- guardian.g8.accounts availability=Degraded health=Warning read=true write=false authz=Unknown priv=NoDirectPrivilege iface=KernelInterface
  storage.drive.topology <- guardian.g8.udisks availability=Available health=Healthy read=true write=false authz=Unknown priv=NoDirectPrivilege iface=DBus
  storage.drive.poweroff-preconditions <- guardian.g8.udisks availability=Available health=Healthy read=true write=false authz=Unknown priv=NoDirectPrivilege iface=DBus
